data/aggregated/monthly/breakfast/7110410471_23061_transactions.csv
"UNITS","PRICE","BASE_PRICE","FEATURE","DISPLAY","TPR_ONLY","MONTH","YEAR","DATE"
16,2.5,2.79,0,0,3,1,2009,"1-1-2009"
7,2.5,2.79,0,0,3,2,2009,"1-2-2009"
11,2.69333333333333,2.69333333333333,0,0,0,3,2009,"1-3-2009"
19,2.558,2.79,0,0,4,4,2009,"1-4-2009"
6,2.5,2.69333333333333,0,0,2,5,2009,"1-5-2009"
11,2.5,2.5,0,0,0,6,2009,"1-6-2009"
19,2.4,2.5,0,0,1,7,2009,"1-7-2009"
13,2,2.5,0,0,3,8,2009,"1-8-2009"
12,2.384,2.64,0,0,2,9,2009,"1-9-2009"
16,2.12,2.64,0,0,4,10,2009,"1-10-2009"
10,2.32,2.32,0,0,0,11,2009,"1-11-2009"
21,2.456,2.456,0,0,0,12,2009,"1-12-2009"
22,2.48,2.48,0,0,0,1,2010,"1-1-2010"
20,2.4875,2.4875,0,0,0,2,2010,"1-2-2010"
22,2.49,2.49,0,0,0,3,2010,"1-3-2010"
18,2.49,2.49,0,0,0,4,2010,"1-4-2010"
14,2.39,2.39,0,0,0,5,2010,"1-5-2010"
18,2.39,2.39,0,0,0,6,2010,"1-6-2010"
15,2.34,2.34,0,0,0,7,2010,"1-7-2010"
17,2.18,2.18,0,0,0,8,2010,"1-8-2010"
20,2.19,2.19,0,0,0,9,2010,"1-9-2010"
23,2.16,2.225,0,0,1,10,2010,"1-10-2010"
16,2,2.26,0,0,3,11,2010,"1-11-2010"
31,2,2.104,0,0,2,12,2010,"1-12-2010"
17,2.375,2.375,0,0,0,1,2011,"1-1-2011"
8,2.5,2.5,0,0,0,2,2011,"1-2-2011"
12,2.5,2.5,0,0,0,3,2011,"1-3-2011"
25,2,2.5,0,0,4,4,2011,"1-4-2011"
21,2,2.25,0,0,2,5,2011,"1-5-2011"
35,2,2,0,0,0,6,2011,"1-6-2011"
22,2,2,0,0,0,7,2011,"1-7-2011"
46,2,2,0,0,0,8,2011,"1-8-2011"
33,2,2,0,0,0,9,2011,"1-9-2011"
35,2,2,0,0,0,10,2011,"1-10-2011"
47,2,2,0,0,0,11,2011,"1-11-2011"
41,2,2,0,0,0,12,2011,"1-12-2011"
12,2,2,0,0,0,1,2012,"1-1-2012"
